// Jest Snapshot v1, https://goo.gl/fbAQLP

exports[`Input Component renders with all props 1`] = `
<Fragment>
  <styled.label
    htmlFor="fakeId"
  >
    <styled.input
      id="fakeId"
      name="fakeId"
      onBlur={[Function]}
      onChange={[Function]}
      placeholder="fake placeholder"
      value="1"
    />
  </styled.label>
</Fragment>
`;

exports[`Input Component renders without error message 1`] = `
<Fragment>
  <styled.label
    htmlFor="fakeId"
  >
    <styled.input
      id="fakeId"
      name="fakeId"
      onBlur={[Function]}
      onChange={[Function]}
      placeholder="fake placeholder"
      value="1"
    />
  </styled.label>
</Fragment>
`;
