// Jest Snapshot v1, https://goo.gl/fbAQLP

exports[`Label Component has correct default styles 1`] = `
.c0 {
  display: -webkit-box;
  display: -webkit-flex;
  display: -ms-flexbox;
  display: flex;
  -webkit-align-items: center;
  -webkit-box-align: center;
  -ms-flex-align: center;
  align-items: center;
  font-weight: bolder;
  padding: 0;
}

.c0 input,
.c0 textarea {
  margin-right: 0.5rem;
}

<styled.label>
  <StyledComponent
    forwardedClass={
      Object {
        "$$typeof": Symbol(react.forward_ref),
        "attrs": Array [],
        "componentStyle": ComponentStyle {
          "componentId": "sc-bdVaJa",
          "isStatic": true,
          "lastClassName": "c0",
          "rules": Array [
            "
  display: flex;
  align-items: center;
  font-weight: bolder;
  padding: 0;

  input,
  textarea {
    margin-right: 0.5rem;
  }
",
          ],
        },
        "displayName": "styled.label",
        "render": [Function],
        "styledComponentId": "sc-bdVaJa",
        "target": "label",
        "toString": [Function],
        "warnTooManyClasses": [Function],
        "withComponent": [Function],
      }
    }
    forwardedRef={null}
  >
    <label
      className="c0"
    >
      Test Label
    </label>
  </StyledComponent>
</styled.label>
`;
