// Jest Snapshot v1, https://goo.gl/fbAQLP

exports[`StyledInput Component has correct default styles 1`] = `
.c0 {
  border: none;
  font-size: 1rem;
  padding: 0 5px;
  background-color: transparent;
  caret-color: #5d9cec;
}

.c0::-ms-clear {
  display: none;
}

.c0::-webkit-input-placeholder {
  font-size: 1rem;
  font-weight: 500;
  color: #7f7f7f;
  font-family: Barlow,sans-serif;
}

.c0::-webkit-input-placeholder {
  font-size: 1rem;
  font-weight: 500;
  color: #7f7f7f;
  font-family: Barlow,sans-serif;
}

.c0::-moz-placeholder {
  font-size: 1rem;
  font-weight: 500;
  color: #7f7f7f;
  font-family: Barlow,sans-serif;
}

.c0:-ms-input-placeholder {
  font-size: 1rem;
  font-weight: 500;
  color: #7f7f7f;
  font-family: Barlow,sans-serif;
}

.c0::placeholder {
  font-size: 1rem;
  font-weight: 500;
  color: #7f7f7f;
  font-family: Barlow,sans-serif;
}

.c0:focus {
  outline: none;
}

<styled.input
  theme={
    Object {
      "color": Object {
        "black": "#000",
        "darkGreen": "#37bc9b",
        "darkGrey": "#aab2bd",
        "darkRed": "#da4453",
        "lightGreen": "#48cfad",
        "lightGrey": "#ccd1d9",
        "lightRed": "#ed5565",
        "primary": "#5d9cec",
        "secondary": "#4a89dc",
        "white": "#fff",
      },
      "layout": Object {
        "maxWidth": "62.5rem",
        "minWidth": "25rem",
      },
    }
  }
>
  <StyledComponent
    forwardedClass={
      Object {
        "$$typeof": Symbol(react.forward_ref),
        "attrs": Array [],
        "componentStyle": ComponentStyle {
          "componentId": "sc-bwzfXH",
          "isStatic": false,
          "lastClassName": "c0",
          "rules": Array [
            "
  border: none;
  font-size: 1rem;
  padding: 0 5px;
  background-color: transparent;
  caret-color: ",
            [Function],
            ";

  ::-ms-clear {
    display: none;
  }

  ::-webkit-input-placeholder {
    font-size: 1rem;
    font-weight: 500;
    color: #7f7f7f;
    font-family: Barlow, sans-serif;
  }

  ::placeholder {
    font-size: 1rem;
    font-weight: 500;
    color: #7f7f7f;
    font-family: Barlow, sans-serif;
  }
  :focus {
    outline: none;
  }
",
          ],
        },
        "displayName": "styled.input",
        "render": [Function],
        "styledComponentId": "sc-bwzfXH",
        "target": "input",
        "toString": [Function],
        "warnTooManyClasses": [Function],
        "withComponent": [Function],
      }
    }
    forwardedRef={null}
    theme={
      Object {
        "color": Object {
          "black": "#000",
          "darkGreen": "#37bc9b",
          "darkGrey": "#aab2bd",
          "darkRed": "#da4453",
          "lightGreen": "#48cfad",
          "lightGrey": "#ccd1d9",
          "lightRed": "#ed5565",
          "primary": "#5d9cec",
          "secondary": "#4a89dc",
          "white": "#fff",
        },
        "layout": Object {
          "maxWidth": "62.5rem",
          "minWidth": "25rem",
        },
      }
    }
  >
    <input
      className="c0"
    />
  </StyledComponent>
</styled.input>
`;
